// Vitest Snapshot v1, https://vitest.dev/guide/snapshot.html

exports[`findReferencesInParagraph > handles Matt 5:1-2, 3, 3:1-2, 2 John 1:3 without marking the "2" in 2 John as verse 2 of Matthew 3 1`] = `
[
  {
    "bookId": "MAT",
    "chapter": 5,
    "end": 10,
    "start": 0,
    "text": "Matt 5:1-2",
    "verseRange": "1-2",
  },
  {
    "bookId": "MAT",
    "chapter": 5,
    "end": 13,
    "start": 12,
    "text": "3",
    "verseRange": "3",
  },
  {
    "bookId": "MAT",
    "chapter": 3,
    "end": 20,
    "start": 15,
    "text": "3:1-2",
    "verseRange": "1-2",
  },
  {
    "bookId": "2JN",
    "chapter": 1,
    "end": 32,
    "start": 22,
    "text": "2 John 1:3",
    "verseRange": "3",
  },
]
`;

exports[`findReferencesInParagraph > handles a sentence full of references separated by commas 1`] = `
[
  {
    "bookId": "GEN",
    "chapter": 5,
    "end": 9,
    "start": 0,
    "text": "Gen. 5:12",
    "verseRange": "12",
  },
  {
    "bookId": "EXO",
    "chapter": 4,
    "end": 24,
    "start": 11,
    "text": "Exod. 4:10-23",
    "verseRange": "10-23",
  },
  {
    "bookId": "JHN",
    "chapter": 1,
    "end": 36,
    "start": 26,
    "text": "John 1:1-2",
    "verseRange": "1-2",
  },
  {
    "bookId": "JHN",
    "chapter": 3,
    "end": 43,
    "start": 38,
    "text": "3:1-2",
    "verseRange": "1-2",
  },
  {
    "bookId": "JHN",
    "chapter": 5,
    "end": 50,
    "start": 45,
    "text": "5:7-8",
    "verseRange": "7-8",
  },
]
`;

exports[`findReferencesInParagraph > handles external links 1`] = `
[
  {
    "bookId": "GEN",
    "chapter": 1,
    "end": 17,
    "start": 6,
    "text": "Genesis 1:2",
    "verseRange": "2",
  },
  {
    "bookId": "EXO",
    "chapter": 2,
    "end": 160,
    "start": 153,
    "text": "Exod. 2",
    "verseRange": "1",
  },
]
`;

exports[`findReferencesInParagraph > handles external links 2`] = `
[
  {
    "bookId": "2SA",
    "chapter": 7,
    "end": 39,
    "start": 23,
    "text": "2 Samuel 7:12-13",
    "verseRange": "12-13",
  },
]
`;
