// Vitest Snapshot v1

exports[`arrayOfBookNamesAbbreviations 1`] = `
[
  "Gen",
  "Exod",
  "Lev",
  "Num",
  "Deut",
  "Josh",
  "Judg",
  "Ruth",
  "1 Sam",
  "2 Sam",
  "1 Kgs",
  "2 Kgs",
  "1 Chr",
  "2 Chr",
  "Ezra",
  "Neh",
  "Esth",
  "Job",
  "Ps",
  "Prov",
  "Eccl",
  "Song",
  "Isa",
  "Jer",
  "Lam",
  "Ezek",
  "Dan",
  "Hos",
  "Joel",
  "Amos",
  "Obad",
  "Jonah",
  "Mic",
  "Nah",
  "Hab",
  "Zeph",
  "Hag",
  "Zech",
  "Mal",
  "Matt",
  "Mark",
  "Luke",
  "John",
  "Acts",
  "Rom",
  "1 Cor",
  "2 Cor",
  "Gal",
  "Eph",
  "Phil",
  "Col",
  "1 Thess",
  "2 Thess",
  "1 Tim",
  "2 Tim",
  "Titus",
  "Phlm",
  "Heb",
  "Jas",
  "1 Pet",
  "2 Pet",
  "1 John",
  "2 John",
  "3 John",
  "Jude",
  "Rev",
  "Genesis",
  "Exodus",
  "Leviticus",
  "Numbers",
  "Deuteronomy",
  "Joshua",
  "Judges",
  "1 Samuel",
  "2 Samuel",
  "1 Kings",
  "2 Kings",
  "1 Chronicles",
  "2 Chronicles",
  "Nehemiah",
  "Esther",
  "Psalms",
  "Proverbs",
  "Ecclesiastes",
  "Song of Solomon",
  "Isaiah",
  "Jeremiah",
  "Lamentations",
  "Ezekiel",
  "Daniel",
  "Hosea",
  "Obadiah",
  "Micah",
  "Nahum",
  "Habakkuk",
  "Zephaniah",
  "Haggai",
  "Zechariah",
  "Malachi",
  "Matthew",
  "Romans",
  "1 Corinthians",
  "2 Corinthians",
  "Galatians",
  "Ephesians",
  "Philippians",
  "Colossians",
  "1 Thessalonians",
  "2 Thessalonians",
  "1 Timothy",
  "2 Timothy",
  "Philemon",
  "Hebrews",
  "James",
  "1 Peter",
  "2 Peter",
  "Revelation",
]
`;
